{
    "version": "1.1",
    "masterSeed": 1772754278660,
    "timestamp": 1772754655438,
    "player": {
        "coherence": 72,
        "stepCount": 49,
        "currentLIP": "0.0.0.0.0.0.1.1",
        "footprints": [
            "0.0.0.0.0.0.0.0.7",
            "0.0.0.0.0.0.0",
            "0.0.0.0.0",
            "0.0.0.0.0.0.0.0.7.2",
            "0.0.0.0.0.0.0.0.7.2.0",
            "0.0.0.0.0.0.0.0.7.2.0.0.0",
            "0.0.0.0.0.0.0.0.9",
            "0.0.0.0.0.0.0.0.9.1",
            "0.0.0.0.0.0.0.0.9.1.0",
            "0.0.0.0.0.0.0.0.9.1.0.0.0",
            "0.0.0.0.0.0.0.0.9.1.0.0.1",
            "0.0.0.0.0.0.0.0.9.1.0.0.2",
            "0.0.0.0.0.0.0.0",
            "0.0.0.0.0.0.0.1",
            "0.0.0.0.0.0.0.1.2",
            "0.0.0.0.0.0.0.1.2.3",
            "0.0.0.0.0.0.0.1.2.3.0",
            "0.0.0.0.0.0.0.1.2.3.0.0.0",
            "0.0.0.0.0.0.0.1.2.3.0.0.1",
            "0.0.0.0.0.0.0.2",
            "0.0.0.0.0.0.0.2.1",
            "0.0.0.0.0.0.0.2.1.2",
            "0.0.0.0.0.0.1",
            "0.0.0.0.0.0.1.1"
        ],
        "visitedPaths": [
            "Universe > ... > [VOID] > Lost Altair Groombridge > Vexax > The United Ocean Federation > Starfall > New Loop > The Heart of the Strata",
            "Universe > ... > [VOID] > Lost Altair Groombridge > Vexax > The United Ocean Federation > Starfall",
            "Universe > ... > [VOID] > Lost Altair Groombridge > Vexax",
            "Universe > ... > [VOID] > Lost Altair Groombridge > Vexax > The United Ocean Federation > Starfall > New Loop > BlockRoot",
            "Universe > ... > [VOID] > Lost Altair Groombridge > Vexax > The United Ocean Federation > Starfall > New Loop",
            "Universe > ... > [VOID] > Lost Altair Groombridge > Vexax > The United Ocean Federation > Starfall > Quiet Lane",
            "Universe > ... > [VOID] > Lost Altair Groombridge > Vexax > The United Ocean Federation > Starfall > Quiet Lane > Old Unimatrix Root",
            "Universe > ... > [VOID] > Lost Altair Groombridge > Vexax > The United Ocean Federation > Starfall > Broad Row",
            "Universe > ... > [VOID] > Lost Altair Groombridge > Vexax > The United Ocean Federation > Starfall > Broad Row > Unit 0x15 Mega-Structure",
            "Universe > ... > [VOID] > Lost Altair Groombridge > Vexax > The United Ocean Federation > Voidfall",
            "Universe > ... > [VOID] > Lost Altair Groombridge > Vexax > The United Ocean Federation > Voidfall > Broad Walk"
        ],
        "inventory": [
            {
                "name": "silk tapestry infused with plasma coil",
                "frequency": 4342,
                "sessionMergeCount": 0,
                "isKeystone": false
            },
            {
                "name": "smart glass with candelabra",
                "frequency": 3049,
                "sessionMergeCount": 0,
                "isKeystone": false
            },
            {
                "name": "Hidden Frequency",
                "frequency": 1358842,
                "sessionMergeCount": 0,
                "isKeystone": false
            },
            {
                "name": "neural link with velvet armchair",
                "frequency": 3537,
                "sessionMergeCount": 0,
                "isKeystone": false
            },
            {
                "name": "gravity plate with mahogany desk",
                "frequency": 3854,
                "sessionMergeCount": 0,
                "isKeystone": false
            },
            {
                "name": "brass clock infused with nanotech mesh",
                "frequency": 3696,
                "sessionMergeCount": 0,
                "isKeystone": false
            },
            {
                "name": "hologram projector with obsidian cube",
                "frequency": 2856,
                "sessionMergeCount": 0,
                "isKeystone": false
            },
            {
                "name": "neural-Hidden-ornate Hybrid",
                "frequency": 8329470,
                "sessionMergeCount": 0,
                "isKeystone": false
            }
        ]
    },
    "mutations": {
        "0.0.0.0.0.0.0.0.7": {
            "isBreached": false,
            "isLandmark": true,
            "infusionCount": 0,
            "sampledFloors": [
                
            ]
        },
        "0.0.0.0.0.0.0.0.9": {
            "isBreached": false,
            "isLandmark": false,
            "infusionCount": 0,
            "sampledFloors": [
                1
            ]
        },
        "0.0.0.0.0.0.0.0.9.1.0.0.0": {
            "objects": [
                "drone dock with pocket watch",
                "crystal chandelier infused with plasma coil"
            ]
        },
        "0.0.0.0.0.0.0.0.9.1.0.0.1": {
            "objects": [
                "brass clock infused with plasma coil",
                "velvet armchair infused with gravity plate",
                "drone dock with mahogany desk",
                "mahogany desk infused with neural link",
                "mahogany desk infused with hologram projector"
            ]
        },
        "0.0.0.0.0.0.0.0.9.1.0.0.2": {
            "objects": [
                "drone dock with velvet armchair"
            ]
        },
        "0.0.0.0.0.0.0.1.2": {
            "isBreached": false,
            "isLandmark": true,
            "infusionCount": 2,
            "sampledFloors": [
                3
            ]
        },
        "0.0.0.0.0.0.0.1.2.3.0.0.0": {
            "objects": [
                "hexagonal pillar infused with neural link"
            ]
        },
        "0.0.0.0.0.0.0.1.2.3.0.0.1": {
            "objects": [
                "geometric slab infused with smart glass",
                "neural link with data probe",
                "laser cutter with geometric slab",
                "drone dock with neural interface",
                "gravity plate with black glass panel"
            ]
        },
        "0.0.0.0.0.0.0.2.1": {
            "isBreached": false,
            "isLandmark": false,
            "infusionCount": 0,
            "sampledFloors": [
                
            ]
        }
    }
}